Copyright 1986-2022 Xilinx, Inc. All Rights Reserved. Copyright 2022-2024 Advanced Micro Devices, Inc. All Rights Reserved.
------------------------------------------------------------------------------------------------------------------------------------------------------------------------
| Tool Version : Vivado v.2023.2.2 (win64) Build 4126759 Thu Feb  8 23:53:51 MST 2024
| Date         : Sun Sep  8 19:33:01 2024
| Host         : grindpad running 64-bit major release  (build 9200)
| Command      : report_bus_skew -warn_on_violation -file RCAtoSevenSeg_bus_skew_routed.rpt -pb RCAtoSevenSeg_bus_skew_routed.pb -rpx RCAtoSevenSeg_bus_skew_routed.rpx
| Design       : RCAtoSevenSeg
| Device       : 7a35t-cpg236
| Speed File   : -1  PRODUCTION 1.23 2018-06-13
| Design State : Routed
------------------------------------------------------------------------------------------------------------------------------------------------------------------------

Bus Skew Report

No bus skew constraints

